[debug] [2025-12-30T13:41:36.384Z] ----------------------------------------------------------------------
[debug] [2025-12-30T13:41:36.387Z] Command:       C:\Program Files\nodejs\node.exe C:\Users\Lenovo\AppData\Roaming\npm\node_modules\firebase-tools\lib\bin\firebase.js emulators:start --only functions
[debug] [2025-12-30T13:41:36.388Z] CLI Version:   15.1.0
[debug] [2025-12-30T13:41:36.388Z] Platform:      win32
[debug] [2025-12-30T13:41:36.388Z] Node Version:  v22.14.0
[debug] [2025-12-30T13:41:36.389Z] Time:          Tue Dec 30 2025 19:11:36 GMT+0530 (India Standard Time)
[debug] [2025-12-30T13:41:36.389Z] ----------------------------------------------------------------------
[debug] 
[debug] [2025-12-30T13:41:37.500Z] > command requires scopes: ["email","openid","https://www.googleapis.com/auth/cloudplatformprojects.readonly","https://www.googleapis.com/auth/firebase","https://www.googleapis.com/auth/cloud-platform"]
[debug] [2025-12-30T13:41:37.500Z] > authorizing via signed-in user (ankitapatelverma2007@gmail.com)
[info] i  emulators: Starting emulators: functions {"metadata":{"emulator":{"name":"hub"},"message":"Starting emulators: functions"}}
[info] i  emulators: Detected demo project ID "demo-no-project", emulated services will use a demo configuration and attempts to access non-emulated services for this project will fail. {"metadata":{"emulator":{"name":"hub"},"message":"Detected demo project ID \"demo-no-project\", emulated services will use a demo configuration and attempts to access non-emulated services for this project will fail."}}
[debug] [2025-12-30T13:41:37.508Z] [logging] Logging Emulator only supports listening on one address (127.0.0.1). Not listening on ::1
[debug] [2025-12-30T13:41:37.508Z] assigned listening specs for emulators {"user":{"hub":[{"address":"127.0.0.1","family":"IPv4","port":4400},{"address":"::1","family":"IPv6","port":4400}],"ui":[{"address":"127.0.0.1","family":"IPv4","port":4000},{"address":"::1","family":"IPv6","port":4000}],"logging":[{"address":"127.0.0.1","family":"IPv4","port":4500}]},"metadata":{"message":"assigned listening specs for emulators"}}
[debug] [2025-12-30T13:41:37.512Z] Emulator locator file path: C:\Users\Lenovo\AppData\Local\Temp\hub-demo-no-project.json
[debug] [2025-12-30T13:41:37.512Z] [hub] writing locator at C:\Users\Lenovo\AppData\Local\Temp\hub-demo-no-project.json
[debug] [2025-12-30T13:41:37.527Z] [functions] Functions Emulator only supports listening on one address (127.0.0.1). Not listening on ::1
[debug] [2025-12-30T13:41:37.528Z] [eventarc] Eventarc Emulator only supports listening on one address (127.0.0.1). Not listening on ::1
[debug] [2025-12-30T13:41:37.528Z] [tasks] Cloud Tasks Emulator only supports listening on one address (127.0.0.1). Not listening on ::1
[debug] [2025-12-30T13:41:37.528Z] late-assigned ports for functions and eventarc emulators {"user":{"hub":[{"address":"127.0.0.1","family":"IPv4","port":4400},{"address":"::1","family":"IPv6","port":4400}],"ui":[{"address":"127.0.0.1","family":"IPv4","port":4000},{"address":"::1","family":"IPv6","port":4000}],"logging":[{"address":"127.0.0.1","family":"IPv4","port":4500}],"functions":[{"address":"127.0.0.1","family":"IPv4","port":5001}],"eventarc":[{"address":"127.0.0.1","family":"IPv4","port":9299}],"tasks":[{"address":"127.0.0.1","family":"IPv4","port":9499}]},"metadata":{"message":"late-assigned ports for functions and eventarc emulators"}}
[debug] [2025-12-30T13:41:37.548Z] defaultcredentials: writing to file C:\Users\Lenovo\AppData\Roaming\firebase\ankitapatelverma2007_gmail_com_application_default_credentials.json
[debug] [2025-12-30T13:41:37.549Z] Setting GAC to C:\Users\Lenovo\AppData\Roaming\firebase\ankitapatelverma2007_gmail_com_application_default_credentials.json {"metadata":{"emulator":{"name":"functions"},"message":"Setting GAC to C:\\Users\\Lenovo\\AppData\\Roaming\\firebase\\ankitapatelverma2007_gmail_com_application_default_credentials.json"}}
[info] i  functions: Watching "C:\Users\Lenovo\OneDrive\Documents\The_Career_Explorer\BackendCloud\functions" for Cloud Functions... {"metadata":{"emulator":{"name":"functions"},"message":"Watching \"C:\\Users\\Lenovo\\OneDrive\\Documents\\The_Career_Explorer\\BackendCloud\\functions\" for Cloud Functions..."}}
[debug] [2025-12-30T13:41:37.581Z] Validating nodejs source
[warn] !  functions: Couldn't find firebase-functions package in your source code. Have you run 'npm install'? 
[debug] [2025-12-30T13:41:37.582Z] getFunctionsSDKVersion encountered error: Cannot find module 'firebase-functions'
Require stack:
- C:\Users\Lenovo\AppData\Roaming\npm\node_modules\firebase-tools\lib\deploy\functions\runtimes\node\versioning.js
- C:\Users\Lenovo\AppData\Roaming\npm\node_modules\firebase-tools\lib\deploy\functions\runtimes\node\index.js
- C:\Users\Lenovo\AppData\Roaming\npm\node_modules\firebase-tools\lib\deploy\functions\runtimes\index.js
- C:\Users\Lenovo\AppData\Roaming\npm\node_modules\firebase-tools\lib\deploy\functions\prepare.js
- C:\Users\Lenovo\AppData\Roaming\npm\node_modules\firebase-tools\lib\emulator\functionsEmulatorShared.js
- C:\Users\Lenovo\AppData\Roaming\npm\node_modules\firebase-tools\lib\emulator\functionsEmulator.js
- C:\Users\Lenovo\AppData\Roaming\npm\node_modules\firebase-tools\lib\emulator\controller.js
- C:\Users\Lenovo\AppData\Roaming\npm\node_modules\firebase-tools\lib\commands\emulators-start.js
- C:\Users\Lenovo\AppData\Roaming\npm\node_modules\firebase-tools\lib\commands\index.js
- C:\Users\Lenovo\AppData\Roaming\npm\node_modules\firebase-tools\lib\index.js
- C:\Users\Lenovo\AppData\Roaming\npm\node_modules\firebase-tools\lib\bin\cli.js
- C:\Users\Lenovo\AppData\Roaming\npm\node_modules\firebase-tools\lib\bin\firebase.js {"code":"MODULE_NOT_FOUND","requireStack":["C:\\Users\\Lenovo\\AppData\\Roaming\\npm\\node_modules\\firebase-tools\\lib\\deploy\\functions\\runtimes\\node\\versioning.js","C:\\Users\\Lenovo\\AppData\\Roaming\\npm\\node_modules\\firebase-tools\\lib\\deploy\\functions\\runtimes\\node\\index.js","C:\\Users\\Lenovo\\AppData\\Roaming\\npm\\node_modules\\firebase-tools\\lib\\deploy\\functions\\runtimes\\index.js","C:\\Users\\Lenovo\\AppData\\Roaming\\npm\\node_modules\\firebase-tools\\lib\\deploy\\functions\\prepare.js","C:\\Users\\Lenovo\\AppData\\Roaming\\npm\\node_modules\\firebase-tools\\lib\\emulator\\functionsEmulatorShared.js","C:\\Users\\Lenovo\\AppData\\Roaming\\npm\\node_modules\\firebase-tools\\lib\\emulator\\functionsEmulator.js","C:\\Users\\Lenovo\\AppData\\Roaming\\npm\\node_modules\\firebase-tools\\lib\\emulator\\controller.js","C:\\Users\\Lenovo\\AppData\\Roaming\\npm\\node_modules\\firebase-tools\\lib\\commands\\emulators-start.js","C:\\Users\\Lenovo\\AppData\\Roaming\\npm\\node_modules\\firebase-tools\\lib\\commands\\index.js","C:\\Users\\Lenovo\\AppData\\Roaming\\npm\\node_modules\\firebase-tools\\lib\\index.js","C:\\Users\\Lenovo\\AppData\\Roaming\\npm\\node_modules\\firebase-tools\\lib\\bin\\cli.js","C:\\Users\\Lenovo\\AppData\\Roaming\\npm\\node_modules\\firebase-tools\\lib\\bin\\firebase.js"]}
[debug] [2025-12-30T13:41:37.584Z] checkFunctionsSDKVersion encountered error: Invalid Version:  {}
[debug] [2025-12-30T13:41:37.584Z] > [functions] package.json contents: {
  "name": "career-guidance-functions",
  "description": "Backend API for Career Guidance Platform",
  "engines": {
    "node": "18"
  },
  "main": "index.js",
  "dependencies": {
    "firebase-admin": "^12.0.0",
    "firebase-functions": "^4.5.0",
    "axios": "^1.6.0",
    "cors": "^2.8.5"
  }
}
[debug] [2025-12-30T13:41:37.585Z] Building nodejs source
[debug] [2025-12-30T13:41:37.585Z] Failed to find version of module node: reached end of search path C:\Users\Lenovo\OneDrive\Documents\The_Career_Explorer\BackendCloud\functions\node_modules
[warn] !  functions: Your requested "node" version "18" doesn't match your global version "22". Using node@22 from host. 
[info] i  functions: Loaded environment variables from .env. 
[debug] [2025-12-30T13:41:37.589Z] Could not parse firebase-functions version '' into semver.
[debug] [2025-12-30T13:41:37.590Z] Could not find functions.yaml. Must use http discovery
[error] !!  functions: Failed to load function definition from source: Error: Cannot find module 'firebase-functions'
Require stack:
- C:\Users\Lenovo\AppData\Roaming\npm\node_modules\firebase-tools\lib\deploy\functions\runtimes\node\index.js
- C:\Users\Lenovo\AppData\Roaming\npm\node_modules\firebase-tools\lib\deploy\functions\runtimes\index.js
- C:\Users\Lenovo\AppData\Roaming\npm\node_modules\firebase-tools\lib\deploy\functions\prepare.js
- C:\Users\Lenovo\AppData\Roaming\npm\node_modules\firebase-tools\lib\emulator\functionsEmulatorShared.js
- C:\Users\Lenovo\AppData\Roaming\npm\node_modules\firebase-tools\lib\emulator\functionsEmulator.js
- C:\Users\Lenovo\AppData\Roaming\npm\node_modules\firebase-tools\lib\emulator\controller.js
- C:\Users\Lenovo\AppData\Roaming\npm\node_modules\firebase-tools\lib\commands\emulators-start.js
- C:\Users\Lenovo\AppData\Roaming\npm\node_modules\firebase-tools\lib\commands\index.js
- C:\Users\Lenovo\AppData\Roaming\npm\node_modules\firebase-tools\lib\index.js
- C:\Users\Lenovo\AppData\Roaming\npm\node_modules\firebase-tools\lib\bin\cli.js
- C:\Users\Lenovo\AppData\Roaming\npm\node_modules\firebase-tools\lib\bin\firebase.js {"metadata":{"emulator":{"name":"functions"},"message":"Failed to load function definition from source: Error: Cannot find module 'firebase-functions'\nRequire stack:\n- C:\\Users\\Lenovo\\AppData\\Roaming\\npm\\node_modules\\firebase-tools\\lib\\deploy\\functions\\runtimes\\node\\index.js\n- C:\\Users\\Lenovo\\AppData\\Roaming\\npm\\node_modules\\firebase-tools\\lib\\deploy\\functions\\runtimes\\index.js\n- C:\\Users\\Lenovo\\AppData\\Roaming\\npm\\node_modules\\firebase-tools\\lib\\deploy\\functions\\prepare.js\n- C:\\Users\\Lenovo\\AppData\\Roaming\\npm\\node_modules\\firebase-tools\\lib\\emulator\\functionsEmulatorShared.js\n- C:\\Users\\Lenovo\\AppData\\Roaming\\npm\\node_modules\\firebase-tools\\lib\\emulator\\functionsEmulator.js\n- C:\\Users\\Lenovo\\AppData\\Roaming\\npm\\node_modules\\firebase-tools\\lib\\emulator\\controller.js\n- C:\\Users\\Lenovo\\AppData\\Roaming\\npm\\node_modules\\firebase-tools\\lib\\commands\\emulators-start.js\n- C:\\Users\\Lenovo\\AppData\\Roaming\\npm\\node_modules\\firebase-tools\\lib\\commands\\index.js\n- C:\\Users\\Lenovo\\AppData\\Roaming\\npm\\node_modules\\firebase-tools\\lib\\index.js\n- C:\\Users\\Lenovo\\AppData\\Roaming\\npm\\node_modules\\firebase-tools\\lib\\bin\\cli.js\n- C:\\Users\\Lenovo\\AppData\\Roaming\\npm\\node_modules\\firebase-tools\\lib\\bin\\firebase.js"}}
[debug] [2025-12-30T13:41:37.616Z] Could not find VSCode notification endpoint: FetchError: request to http://localhost:40001/vscode/notify failed, reason: . If you are not running the Firebase Data Connect VSCode extension, this is expected and not an issue.
[info] 
┌─────────────────────────────────────────────────────────────┐
│ ✔  All emulators ready! It is now safe to connect your app. │
│ i  View Emulator UI at http://127.0.0.1:4000/               │
└─────────────────────────────────────────────────────────────┘

┌───────────┬────────────────┬─────────────────────────────────┐
│ Emulator  │ Host:Port      │ View in Emulator UI             │
├───────────┼────────────────┼─────────────────────────────────┤
│ Functions │ 127.0.0.1:5001 │ http://127.0.0.1:4000/functions │
└───────────┴────────────────┴─────────────────────────────────┘
  Emulator Hub host: 127.0.0.1 port: 4400
  Other reserved ports: 4500

Issues? Report them at https://github.com/firebase/firebase-tools/issues and attach the *-debug.log files.
 
[debug] [2025-12-30T13:46:46.118Z] Received signal SIGHUP 1
[info]  
[info] i  emulators: Received SIGHUP for the first time. Starting a clean shutdown. 
[info] i  emulators: Please wait for a clean shutdown or send the SIGHUP signal again to stop right now. 
[info] i  emulators: Shutting down emulators. {"metadata":{"emulator":{"name":"hub"},"message":"Shutting down emulators."}}
[info] i  ui: Stopping Emulator UI {"metadata":{"emulator":{"name":"ui"},"message":"Stopping Emulator UI"}}
[info] i  functions: Stopping Functions Emulator {"metadata":{"emulator":{"name":"functions"},"message":"Stopping Functions Emulator"}}
[info] i  eventarc: Stopping Eventarc Emulator {"metadata":{"emulator":{"name":"eventarc"},"message":"Stopping Eventarc Emulator"}}
[info] i  tasks: Stopping Cloud Tasks Emulator {"metadata":{"emulator":{"name":"tasks"},"message":"Stopping Cloud Tasks Emulator"}}
[info] i  hub: Stopping emulator hub {"metadata":{"emulator":{"name":"hub"},"message":"Stopping emulator hub"}}
[debug] [2025-12-30T13:46:46.126Z] Emulator locator file path: C:\Users\Lenovo\AppData\Local\Temp\hub-demo-no-project.json
[info] i  logging: Stopping Logging Emulator {"metadata":{"emulator":{"name":"logging"},"message":"Stopping Logging Emulator"}}
[debug] [2025-12-30T13:46:46.130Z] Could not find VSCode notification endpoint: FetchError: request to http://localhost:40001/vscode/notify failed, reason: . If you are not running the Firebase Data Connect VSCode extension, this is expected and not an issue.
[debug] [2025-12-30T13:47:45.677Z] ----------------------------------------------------------------------
[debug] [2025-12-30T13:47:45.679Z] Command:       C:\Program Files\nodejs\node.exe C:\Users\Lenovo\AppData\Roaming\npm\node_modules\firebase-tools\lib\bin\firebase.js emulators:start --only functions
[debug] [2025-12-30T13:47:45.679Z] CLI Version:   15.1.0
[debug] [2025-12-30T13:47:45.679Z] Platform:      win32
[debug] [2025-12-30T13:47:45.679Z] Node Version:  v22.14.0
[debug] [2025-12-30T13:47:45.680Z] Time:          Tue Dec 30 2025 19:17:45 GMT+0530 (India Standard Time)
[debug] [2025-12-30T13:47:45.680Z] ----------------------------------------------------------------------
[debug] 
[debug] [2025-12-30T13:47:46.806Z] > command requires scopes: ["email","openid","https://www.googleapis.com/auth/cloudplatformprojects.readonly","https://www.googleapis.com/auth/firebase","https://www.googleapis.com/auth/cloud-platform"]
[debug] [2025-12-30T13:47:46.806Z] > authorizing via signed-in user (ankitapatelverma2007@gmail.com)
[info] i  emulators: Starting emulators: functions {"metadata":{"emulator":{"name":"hub"},"message":"Starting emulators: functions"}}
[info] i  emulators: Detected demo project ID "demo-no-project", emulated services will use a demo configuration and attempts to access non-emulated services for this project will fail. {"metadata":{"emulator":{"name":"hub"},"message":"Detected demo project ID \"demo-no-project\", emulated services will use a demo configuration and attempts to access non-emulated services for this project will fail."}}
[debug] [2025-12-30T13:47:46.814Z] [logging] Logging Emulator only supports listening on one address (127.0.0.1). Not listening on ::1
[debug] [2025-12-30T13:47:46.814Z] assigned listening specs for emulators {"user":{"hub":[{"address":"127.0.0.1","family":"IPv4","port":4400},{"address":"::1","family":"IPv6","port":4400}],"ui":[{"address":"127.0.0.1","family":"IPv4","port":4000},{"address":"::1","family":"IPv6","port":4000}],"logging":[{"address":"127.0.0.1","family":"IPv4","port":4500}]},"metadata":{"message":"assigned listening specs for emulators"}}
[debug] [2025-12-30T13:47:46.817Z] Emulator locator file path: C:\Users\Lenovo\AppData\Local\Temp\hub-demo-no-project.json
[debug] [2025-12-30T13:47:46.818Z] [hub] writing locator at C:\Users\Lenovo\AppData\Local\Temp\hub-demo-no-project.json
[debug] [2025-12-30T13:47:46.829Z] [functions] Functions Emulator only supports listening on one address (127.0.0.1). Not listening on ::1
[debug] [2025-12-30T13:47:46.829Z] [eventarc] Eventarc Emulator only supports listening on one address (127.0.0.1). Not listening on ::1
[debug] [2025-12-30T13:47:46.829Z] [tasks] Cloud Tasks Emulator only supports listening on one address (127.0.0.1). Not listening on ::1
[debug] [2025-12-30T13:47:46.829Z] late-assigned ports for functions and eventarc emulators {"user":{"hub":[{"address":"127.0.0.1","family":"IPv4","port":4400},{"address":"::1","family":"IPv6","port":4400}],"ui":[{"address":"127.0.0.1","family":"IPv4","port":4000},{"address":"::1","family":"IPv6","port":4000}],"logging":[{"address":"127.0.0.1","family":"IPv4","port":4500}],"functions":[{"address":"127.0.0.1","family":"IPv4","port":5001}],"eventarc":[{"address":"127.0.0.1","family":"IPv4","port":9299}],"tasks":[{"address":"127.0.0.1","family":"IPv4","port":9499}]},"metadata":{"message":"late-assigned ports for functions and eventarc emulators"}}
[debug] [2025-12-30T13:47:46.844Z] defaultcredentials: writing to file C:\Users\Lenovo\AppData\Roaming\firebase\ankitapatelverma2007_gmail_com_application_default_credentials.json
[debug] [2025-12-30T13:47:46.845Z] Setting GAC to C:\Users\Lenovo\AppData\Roaming\firebase\ankitapatelverma2007_gmail_com_application_default_credentials.json {"metadata":{"emulator":{"name":"functions"},"message":"Setting GAC to C:\\Users\\Lenovo\\AppData\\Roaming\\firebase\\ankitapatelverma2007_gmail_com_application_default_credentials.json"}}
[info] i  functions: Watching "C:\Users\Lenovo\OneDrive\Documents\The_Career_Explorer\BackendCloud\functions" for Cloud Functions... {"metadata":{"emulator":{"name":"functions"},"message":"Watching \"C:\\Users\\Lenovo\\OneDrive\\Documents\\The_Career_Explorer\\BackendCloud\\functions\" for Cloud Functions..."}}
[debug] [2025-12-30T13:47:46.877Z] Validating nodejs source
[warn] !  functions: Couldn't find firebase-functions package in your source code. Have you run 'npm install'? 
[debug] [2025-12-30T13:47:46.879Z] getFunctionsSDKVersion encountered error: Cannot find module 'firebase-functions'
Require stack:
- C:\Users\Lenovo\AppData\Roaming\npm\node_modules\firebase-tools\lib\deploy\functions\runtimes\node\versioning.js
- C:\Users\Lenovo\AppData\Roaming\npm\node_modules\firebase-tools\lib\deploy\functions\runtimes\node\index.js
- C:\Users\Lenovo\AppData\Roaming\npm\node_modules\firebase-tools\lib\deploy\functions\runtimes\index.js
- C:\Users\Lenovo\AppData\Roaming\npm\node_modules\firebase-tools\lib\deploy\functions\prepare.js
- C:\Users\Lenovo\AppData\Roaming\npm\node_modules\firebase-tools\lib\emulator\functionsEmulatorShared.js
- C:\Users\Lenovo\AppData\Roaming\npm\node_modules\firebase-tools\lib\emulator\functionsEmulator.js
- C:\Users\Lenovo\AppData\Roaming\npm\node_modules\firebase-tools\lib\emulator\controller.js
- C:\Users\Lenovo\AppData\Roaming\npm\node_modules\firebase-tools\lib\commands\emulators-start.js
- C:\Users\Lenovo\AppData\Roaming\npm\node_modules\firebase-tools\lib\commands\index.js
- C:\Users\Lenovo\AppData\Roaming\npm\node_modules\firebase-tools\lib\index.js
- C:\Users\Lenovo\AppData\Roaming\npm\node_modules\firebase-tools\lib\bin\cli.js
- C:\Users\Lenovo\AppData\Roaming\npm\node_modules\firebase-tools\lib\bin\firebase.js {"code":"MODULE_NOT_FOUND","requireStack":["C:\\Users\\Lenovo\\AppData\\Roaming\\npm\\node_modules\\firebase-tools\\lib\\deploy\\functions\\runtimes\\node\\versioning.js","C:\\Users\\Lenovo\\AppData\\Roaming\\npm\\node_modules\\firebase-tools\\lib\\deploy\\functions\\runtimes\\node\\index.js","C:\\Users\\Lenovo\\AppData\\Roaming\\npm\\node_modules\\firebase-tools\\lib\\deploy\\functions\\runtimes\\index.js","C:\\Users\\Lenovo\\AppData\\Roaming\\npm\\node_modules\\firebase-tools\\lib\\deploy\\functions\\prepare.js","C:\\Users\\Lenovo\\AppData\\Roaming\\npm\\node_modules\\firebase-tools\\lib\\emulator\\functionsEmulatorShared.js","C:\\Users\\Lenovo\\AppData\\Roaming\\npm\\node_modules\\firebase-tools\\lib\\emulator\\functionsEmulator.js","C:\\Users\\Lenovo\\AppData\\Roaming\\npm\\node_modules\\firebase-tools\\lib\\emulator\\controller.js","C:\\Users\\Lenovo\\AppData\\Roaming\\npm\\node_modules\\firebase-tools\\lib\\commands\\emulators-start.js","C:\\Users\\Lenovo\\AppData\\Roaming\\npm\\node_modules\\firebase-tools\\lib\\commands\\index.js","C:\\Users\\Lenovo\\AppData\\Roaming\\npm\\node_modules\\firebase-tools\\lib\\index.js","C:\\Users\\Lenovo\\AppData\\Roaming\\npm\\node_modules\\firebase-tools\\lib\\bin\\cli.js","C:\\Users\\Lenovo\\AppData\\Roaming\\npm\\node_modules\\firebase-tools\\lib\\bin\\firebase.js"]}
[debug] [2025-12-30T13:47:46.879Z] checkFunctionsSDKVersion encountered error: Invalid Version:  {}
[debug] [2025-12-30T13:47:46.880Z] > [functions] package.json contents: {
  "name": "career-guidance-functions",
  "description": "Backend API for Career Guidance Platform",
  "engines": {
    "node": "18"
  },
  "main": "index.js",
  "dependencies": {
    "firebase-admin": "^12.0.0",
    "firebase-functions": "^4.5.0",
    "axios": "^1.6.0",
    "cors": "^2.8.5"
  }
}
[debug] [2025-12-30T13:47:46.880Z] Building nodejs source
[debug] [2025-12-30T13:47:46.881Z] Failed to find version of module node: reached end of search path C:\Users\Lenovo\OneDrive\Documents\The_Career_Explorer\BackendCloud\functions\node_modules
[warn] !  functions: Your requested "node" version "18" doesn't match your global version "22". Using node@22 from host. 
[info] i  functions: Loaded environment variables from .env. 
[debug] [2025-12-30T13:47:46.883Z] Could not parse firebase-functions version '' into semver.
[debug] [2025-12-30T13:47:46.884Z] Could not find functions.yaml. Must use http discovery
[error] !!  functions: Failed to load function definition from source: Error: Cannot find module 'firebase-functions'
Require stack:
- C:\Users\Lenovo\AppData\Roaming\npm\node_modules\firebase-tools\lib\deploy\functions\runtimes\node\index.js
- C:\Users\Lenovo\AppData\Roaming\npm\node_modules\firebase-tools\lib\deploy\functions\runtimes\index.js
- C:\Users\Lenovo\AppData\Roaming\npm\node_modules\firebase-tools\lib\deploy\functions\prepare.js
- C:\Users\Lenovo\AppData\Roaming\npm\node_modules\firebase-tools\lib\emulator\functionsEmulatorShared.js
- C:\Users\Lenovo\AppData\Roaming\npm\node_modules\firebase-tools\lib\emulator\functionsEmulator.js
- C:\Users\Lenovo\AppData\Roaming\npm\node_modules\firebase-tools\lib\emulator\controller.js
- C:\Users\Lenovo\AppData\Roaming\npm\node_modules\firebase-tools\lib\commands\emulators-start.js
- C:\Users\Lenovo\AppData\Roaming\npm\node_modules\firebase-tools\lib\commands\index.js
- C:\Users\Lenovo\AppData\Roaming\npm\node_modules\firebase-tools\lib\index.js
- C:\Users\Lenovo\AppData\Roaming\npm\node_modules\firebase-tools\lib\bin\cli.js
- C:\Users\Lenovo\AppData\Roaming\npm\node_modules\firebase-tools\lib\bin\firebase.js {"metadata":{"emulator":{"name":"functions"},"message":"Failed to load function definition from source: Error: Cannot find module 'firebase-functions'\nRequire stack:\n- C:\\Users\\Lenovo\\AppData\\Roaming\\npm\\node_modules\\firebase-tools\\lib\\deploy\\functions\\runtimes\\node\\index.js\n- C:\\Users\\Lenovo\\AppData\\Roaming\\npm\\node_modules\\firebase-tools\\lib\\deploy\\functions\\runtimes\\index.js\n- C:\\Users\\Lenovo\\AppData\\Roaming\\npm\\node_modules\\firebase-tools\\lib\\deploy\\functions\\prepare.js\n- C:\\Users\\Lenovo\\AppData\\Roaming\\npm\\node_modules\\firebase-tools\\lib\\emulator\\functionsEmulatorShared.js\n- C:\\Users\\Lenovo\\AppData\\Roaming\\npm\\node_modules\\firebase-tools\\lib\\emulator\\functionsEmulator.js\n- C:\\Users\\Lenovo\\AppData\\Roaming\\npm\\node_modules\\firebase-tools\\lib\\emulator\\controller.js\n- C:\\Users\\Lenovo\\AppData\\Roaming\\npm\\node_modules\\firebase-tools\\lib\\commands\\emulators-start.js\n- C:\\Users\\Lenovo\\AppData\\Roaming\\npm\\node_modules\\firebase-tools\\lib\\commands\\index.js\n- C:\\Users\\Lenovo\\AppData\\Roaming\\npm\\node_modules\\firebase-tools\\lib\\index.js\n- C:\\Users\\Lenovo\\AppData\\Roaming\\npm\\node_modules\\firebase-tools\\lib\\bin\\cli.js\n- C:\\Users\\Lenovo\\AppData\\Roaming\\npm\\node_modules\\firebase-tools\\lib\\bin\\firebase.js"}}
[debug] [2025-12-30T13:47:46.902Z] Could not find VSCode notification endpoint: FetchError: request to http://localhost:40001/vscode/notify failed, reason: . If you are not running the Firebase Data Connect VSCode extension, this is expected and not an issue.
[info] 
┌─────────────────────────────────────────────────────────────┐
│ ✔  All emulators ready! It is now safe to connect your app. │
│ i  View Emulator UI at http://127.0.0.1:4000/               │
└─────────────────────────────────────────────────────────────┘

┌───────────┬────────────────┬─────────────────────────────────┐
│ Emulator  │ Host:Port      │ View in Emulator UI             │
├───────────┼────────────────┼─────────────────────────────────┤
│ Functions │ 127.0.0.1:5001 │ http://127.0.0.1:4000/functions │
└───────────┴────────────────┴─────────────────────────────────┘
  Emulator Hub host: 127.0.0.1 port: 4400
  Other reserved ports: 4500

Issues? Report them at https://github.com/firebase/firebase-tools/issues and attach the *-debug.log files.
 
[debug] [2025-12-30T17:30:06.318Z] Received signal SIGHUP 1
[info]  
[info] i  emulators: Received SIGHUP for the first time. Starting a clean shutdown. 
[info] i  emulators: Please wait for a clean shutdown or send the SIGHUP signal again to stop right now. 
[info] i  emulators: Shutting down emulators. {"metadata":{"emulator":{"name":"hub"},"message":"Shutting down emulators."}}
[info] i  ui: Stopping Emulator UI {"metadata":{"emulator":{"name":"ui"},"message":"Stopping Emulator UI"}}
[info] i  functions: Stopping Functions Emulator {"metadata":{"emulator":{"name":"functions"},"message":"Stopping Functions Emulator"}}
[info] i  eventarc: Stopping Eventarc Emulator {"metadata":{"emulator":{"name":"eventarc"},"message":"Stopping Eventarc Emulator"}}
[info] i  tasks: Stopping Cloud Tasks Emulator {"metadata":{"emulator":{"name":"tasks"},"message":"Stopping Cloud Tasks Emulator"}}
[info] i  hub: Stopping emulator hub {"metadata":{"emulator":{"name":"hub"},"message":"Stopping emulator hub"}}
[debug] [2025-12-30T17:30:06.398Z] Emulator locator file path: C:\Users\Lenovo\AppData\Local\Temp\hub-demo-no-project.json
[info] i  logging: Stopping Logging Emulator {"metadata":{"emulator":{"name":"logging"},"message":"Stopping Logging Emulator"}}
[debug] [2025-12-30T17:30:06.434Z] Could not find VSCode notification endpoint: FetchError: request to http://localhost:40001/vscode/notify failed, reason: . If you are not running the Firebase Data Connect VSCode extension, this is expected and not an issue.
