[debug] [2025-12-30T13:36:10.058Z] ----------------------------------------------------------------------
[debug] [2025-12-30T13:36:10.061Z] Command:       C:\Program Files\nodejs\node.exe C:\Users\Lenovo\AppData\Roaming\npm\node_modules\firebase-tools\lib\bin\firebase.js emulators:start --only functions
[debug] [2025-12-30T13:36:10.061Z] CLI Version:   15.1.0
[debug] [2025-12-30T13:36:10.061Z] Platform:      win32
[debug] [2025-12-30T13:36:10.061Z] Node Version:  v22.14.0
[debug] [2025-12-30T13:36:10.062Z] Time:          Tue Dec 30 2025 19:06:10 GMT+0530 (India Standard Time)
[debug] [2025-12-30T13:36:10.062Z] ----------------------------------------------------------------------
[debug] 
[debug] [2025-12-30T13:36:10.064Z] >>> [apiv2][query] GET https://firebase-public.firebaseio.com/cli.json [none]
[error] !!  functions: Failed to start Functions emulator: codebase source must be specified. Must specify either 'source' or 'remoteSource' in a functions config. {"metadata":{"emulator":{"name":"functions"},"message":"Failed to start Functions emulator: codebase source must be specified. Must specify either 'source' or 'remoteSource' in a functions config."}}
[debug] [2025-12-30T13:36:11.654Z] > command requires scopes: ["email","openid","https://www.googleapis.com/auth/cloudplatformprojects.readonly","https://www.googleapis.com/auth/firebase","https://www.googleapis.com/auth/cloud-platform"]
[debug] [2025-12-30T13:36:11.654Z] > authorizing via signed-in user (ankitapatelverma2007@gmail.com)
[warn] !  Could not find config (firebase.json) so using defaults. 
[info] i  emulators: Starting emulators: functions {"metadata":{"emulator":{"name":"hub"},"message":"Starting emulators: functions"}}
[info] i  emulators: Detected demo project ID "demo-no-project", emulated services will use a demo configuration and attempts to access non-emulated services for this project will fail. {"metadata":{"emulator":{"name":"hub"},"message":"Detected demo project ID \"demo-no-project\", emulated services will use a demo configuration and attempts to access non-emulated services for this project will fail."}}
[debug] [2025-12-30T13:36:11.662Z] [logging] Logging Emulator only supports listening on one address (127.0.0.1). Not listening on ::1
[debug] [2025-12-30T13:36:11.662Z] assigned listening specs for emulators {"user":{"hub":[{"address":"127.0.0.1","family":"IPv4","port":4400},{"address":"::1","family":"IPv6","port":4400}],"ui":[{"address":"127.0.0.1","family":"IPv4","port":4000},{"address":"::1","family":"IPv6","port":4000}],"logging":[{"address":"127.0.0.1","family":"IPv4","port":4500}]},"metadata":{"message":"assigned listening specs for emulators"}}
[debug] [2025-12-30T13:36:11.665Z] Emulator locator file path: C:\Users\Lenovo\AppData\Local\Temp\hub-demo-no-project.json
[debug] [2025-12-30T13:36:11.666Z] [hub] writing locator at C:\Users\Lenovo\AppData\Local\Temp\hub-demo-no-project.json
[error] !!  functions: Failed to start Functions emulator: codebase source must be specified. Must specify either 'source' or 'remoteSource' in a functions config. {"metadata":{"emulator":{"name":"functions"},"message":"Failed to start Functions emulator: codebase source must be specified. Must specify either 'source' or 'remoteSource' in a functions config."}}
[info] i  ui: downloading ui-v1.15.0.zip... {"metadata":{"emulator":{"name":"ui"},"message":"downloading ui-v1.15.0.zip..."}}
[debug] [2025-12-30T13:36:11.689Z] >>> [apiv2][query] GET https://storage.googleapis.com/firebase-preview-drop/emulator/ui-v1.15.0.zip 
[debug] [2025-12-30T13:36:14.386Z] <<< [apiv2][status] GET https://firebase-public.firebaseio.com/cli.json 200
[debug] [2025-12-30T13:36:14.387Z] <<< [apiv2][body] GET https://firebase-public.firebaseio.com/cli.json {"cloudBuildErrorAfter":1594252800000,"cloudBuildWarnAfter":1590019200000,"defaultNode10After":1594252800000,"minVersion":"3.0.5","node8DeploysDisabledAfter":1613390400000,"node8RuntimeDisabledAfter":1615809600000,"node8WarnAfter":1600128000000}
[debug] [2025-12-30T13:36:15.173Z] <<< [apiv2][status] GET https://storage.googleapis.com/firebase-preview-drop/emulator/ui-v1.15.0.zip 200
[debug] [2025-12-30T13:36:15.173Z] <<< [apiv2][body] GET https://storage.googleapis.com/firebase-preview-drop/emulator/ui-v1.15.0.zip [stream]
[debug] [2025-12-30T13:36:17.538Z] Data is 3538469
[debug] [2025-12-30T13:36:17.538Z] [unzip] Entry: client/ (compressed_size=0 bytes, uncompressed_size=0 bytes)
[debug] [2025-12-30T13:36:17.538Z] [unzip] Processing entry: client\
[debug] [2025-12-30T13:36:17.538Z] [unzip] mkdir: C:\Users\Lenovo\.cache\firebase\emulators\ui-v1.15.0\client\
[debug] [2025-12-30T13:36:17.539Z] [unzip] Entry: client/favicon-16x16.png (compressed_size=293 bytes, uncompressed_size=293 bytes)
[debug] [2025-12-30T13:36:17.539Z] [unzip] Processing entry: client\favicon-16x16.png
[debug] [2025-12-30T13:36:17.539Z] [unzip] else mkdir: C:\Users\Lenovo\.cache\firebase\emulators\ui-v1.15.0\client
[debug] [2025-12-30T13:36:17.539Z] [unzip] Writing file: C:\Users\Lenovo\.cache\firebase\emulators\ui-v1.15.0\client\favicon-16x16.png
[debug] [2025-12-30T13:36:17.540Z] [unzip] Entry: client/safari-pinned-tab.svg (compressed_size=1433 bytes, uncompressed_size=2611 bytes)
[debug] [2025-12-30T13:36:17.540Z] [unzip] Processing entry: client\safari-pinned-tab.svg
[debug] [2025-12-30T13:36:17.540Z] [unzip] else mkdir: C:\Users\Lenovo\.cache\firebase\emulators\ui-v1.15.0\client
[debug] [2025-12-30T13:36:17.540Z] [unzip] deflating: C:\Users\Lenovo\.cache\firebase\emulators\ui-v1.15.0\client\safari-pinned-tab.svg
[debug] [2025-12-30T13:36:17.542Z] [unzip] Entry: client/favicon.ico (compressed_size=2933 bytes, uncompressed_size=13294 bytes)
[debug] [2025-12-30T13:36:17.542Z] [unzip] Processing entry: client\favicon.ico
[debug] [2025-12-30T13:36:17.542Z] [unzip] else mkdir: C:\Users\Lenovo\.cache\firebase\emulators\ui-v1.15.0\client
[debug] [2025-12-30T13:36:17.543Z] [unzip] deflating: C:\Users\Lenovo\.cache\firebase\emulators\ui-v1.15.0\client\favicon.ico
[debug] [2025-12-30T13:36:17.544Z] [unzip] Entry: client/index.html (compressed_size=1364 bytes, uncompressed_size=3071 bytes)
[debug] [2025-12-30T13:36:17.544Z] [unzip] Processing entry: client\index.html
[debug] [2025-12-30T13:36:17.544Z] [unzip] else mkdir: C:\Users\Lenovo\.cache\firebase\emulators\ui-v1.15.0\client
[debug] [2025-12-30T13:36:17.544Z] [unzip] deflating: C:\Users\Lenovo\.cache\firebase\emulators\ui-v1.15.0\client\index.html
[debug] [2025-12-30T13:36:17.545Z] [unzip] Entry: client/android-chrome-192x192.png (compressed_size=2684 bytes, uncompressed_size=2684 bytes)
[debug] [2025-12-30T13:36:17.546Z] [unzip] Processing entry: client\android-chrome-192x192.png
[debug] [2025-12-30T13:36:17.546Z] [unzip] else mkdir: C:\Users\Lenovo\.cache\firebase\emulators\ui-v1.15.0\client
[debug] [2025-12-30T13:36:17.546Z] [unzip] Writing file: C:\Users\Lenovo\.cache\firebase\emulators\ui-v1.15.0\client\android-chrome-192x192.png
[debug] [2025-12-30T13:36:17.590Z] [unzip] Entry: client/apple-touch-icon.png (compressed_size=2123 bytes, uncompressed_size=2152 bytes)
[debug] [2025-12-30T13:36:17.590Z] [unzip] Processing entry: client\apple-touch-icon.png
[debug] [2025-12-30T13:36:17.590Z] [unzip] else mkdir: C:\Users\Lenovo\.cache\firebase\emulators\ui-v1.15.0\client
[debug] [2025-12-30T13:36:17.591Z] [unzip] deflating: C:\Users\Lenovo\.cache\firebase\emulators\ui-v1.15.0\client\apple-touch-icon.png
[debug] [2025-12-30T13:36:17.593Z] [unzip] Entry: client/android-chrome-512x512.png (compressed_size=5369 bytes, uncompressed_size=5411 bytes)
[debug] [2025-12-30T13:36:17.593Z] [unzip] Processing entry: client\android-chrome-512x512.png
[debug] [2025-12-30T13:36:17.593Z] [unzip] else mkdir: C:\Users\Lenovo\.cache\firebase\emulators\ui-v1.15.0\client
[debug] [2025-12-30T13:36:17.593Z] [unzip] deflating: C:\Users\Lenovo\.cache\firebase\emulators\ui-v1.15.0\client\android-chrome-512x512.png
[debug] [2025-12-30T13:36:17.621Z] [unzip] Entry: client/manifest.json (compressed_size=245 bytes, uncompressed_size=551 bytes)
[debug] [2025-12-30T13:36:17.621Z] [unzip] Processing entry: client\manifest.json
[debug] [2025-12-30T13:36:17.621Z] [unzip] else mkdir: C:\Users\Lenovo\.cache\firebase\emulators\ui-v1.15.0\client
[debug] [2025-12-30T13:36:17.621Z] [unzip] deflating: C:\Users\Lenovo\.cache\firebase\emulators\ui-v1.15.0\client\manifest.json
[debug] [2025-12-30T13:36:17.623Z] [unzip] Entry: client/robots.txt (compressed_size=26 bytes, uncompressed_size=26 bytes)
[debug] [2025-12-30T13:36:17.623Z] [unzip] Processing entry: client\robots.txt
[debug] [2025-12-30T13:36:17.623Z] [unzip] else mkdir: C:\Users\Lenovo\.cache\firebase\emulators\ui-v1.15.0\client
[debug] [2025-12-30T13:36:17.623Z] [unzip] Writing file: C:\Users\Lenovo\.cache\firebase\emulators\ui-v1.15.0\client\robots.txt
[debug] [2025-12-30T13:36:17.624Z] [unzip] Entry: client/mstile-150x150.png (compressed_size=2034 bytes, uncompressed_size=2034 bytes)
[debug] [2025-12-30T13:36:17.624Z] [unzip] Processing entry: client\mstile-150x150.png
[debug] [2025-12-30T13:36:17.624Z] [unzip] else mkdir: C:\Users\Lenovo\.cache\firebase\emulators\ui-v1.15.0\client
[debug] [2025-12-30T13:36:17.624Z] [unzip] Writing file: C:\Users\Lenovo\.cache\firebase\emulators\ui-v1.15.0\client\mstile-150x150.png
[debug] [2025-12-30T13:36:17.625Z] [unzip] Entry: client/assets/ (compressed_size=0 bytes, uncompressed_size=0 bytes)
[debug] [2025-12-30T13:36:17.625Z] [unzip] Processing entry: client\assets\
[debug] [2025-12-30T13:36:17.625Z] [unzip] mkdir: C:\Users\Lenovo\.cache\firebase\emulators\ui-v1.15.0\client\assets\
[debug] [2025-12-30T13:36:17.626Z] [unzip] Entry: client/assets/index-BX-A56oj.js (compressed_size=582089 bytes, uncompressed_size=2092775 bytes)
[debug] [2025-12-30T13:36:17.626Z] [unzip] Processing entry: client\assets\index-BX-A56oj.js
[debug] [2025-12-30T13:36:17.626Z] [unzip] else mkdir: C:\Users\Lenovo\.cache\firebase\emulators\ui-v1.15.0\client\assets
[debug] [2025-12-30T13:36:17.626Z] [unzip] deflating: C:\Users\Lenovo\.cache\firebase\emulators\ui-v1.15.0\client\assets\index-BX-A56oj.js
[debug] [2025-12-30T13:36:17.653Z] [unzip] Entry: client/assets/index-CjB9C900.css (compressed_size=35979 bytes, uncompressed_size=298654 bytes)
[debug] [2025-12-30T13:36:17.653Z] [unzip] Processing entry: client\assets\index-CjB9C900.css
[debug] [2025-12-30T13:36:17.653Z] [unzip] else mkdir: C:\Users\Lenovo\.cache\firebase\emulators\ui-v1.15.0\client\assets
[debug] [2025-12-30T13:36:17.654Z] [unzip] deflating: C:\Users\Lenovo\.cache\firebase\emulators\ui-v1.15.0\client\assets\index-CjB9C900.css
[debug] [2025-12-30T13:36:17.658Z] [unzip] Entry: client/assets/index-BX-A56oj.js.map (compressed_size=2362482 bytes, uncompressed_size=10036679 bytes)
[debug] [2025-12-30T13:36:17.659Z] [unzip] Processing entry: client\assets\index-BX-A56oj.js.map
[debug] [2025-12-30T13:36:17.659Z] [unzip] else mkdir: C:\Users\Lenovo\.cache\firebase\emulators\ui-v1.15.0\client\assets
[debug] [2025-12-30T13:36:17.659Z] [unzip] deflating: C:\Users\Lenovo\.cache\firebase\emulators\ui-v1.15.0\client\assets\index-BX-A56oj.js.map
[debug] [2025-12-30T13:36:17.697Z] [unzip] Entry: client/assets/extensions/ (compressed_size=0 bytes, uncompressed_size=0 bytes)
[debug] [2025-12-30T13:36:17.697Z] [unzip] Processing entry: client\assets\extensions\
[debug] [2025-12-30T13:36:17.697Z] [unzip] mkdir: C:\Users\Lenovo\.cache\firebase\emulators\ui-v1.15.0\client\assets\extensions\
[debug] [2025-12-30T13:36:17.698Z] [unzip] Entry: client/assets/extensions/default-extension.png (compressed_size=1646 bytes, uncompressed_size=1657 bytes)
[debug] [2025-12-30T13:36:17.698Z] [unzip] Processing entry: client\assets\extensions\default-extension.png
[debug] [2025-12-30T13:36:17.698Z] [unzip] else mkdir: C:\Users\Lenovo\.cache\firebase\emulators\ui-v1.15.0\client\assets\extensions
[debug] [2025-12-30T13:36:17.698Z] [unzip] deflating: C:\Users\Lenovo\.cache\firebase\emulators\ui-v1.15.0\client\assets\extensions\default-extension.png
[debug] [2025-12-30T13:36:17.699Z] [unzip] Entry: client/assets/img/ (compressed_size=0 bytes, uncompressed_size=0 bytes)
[debug] [2025-12-30T13:36:17.699Z] [unzip] Processing entry: client\assets\img\
[debug] [2025-12-30T13:36:17.699Z] [unzip] mkdir: C:\Users\Lenovo\.cache\firebase\emulators\ui-v1.15.0\client\assets\img\
[debug] [2025-12-30T13:36:17.699Z] [unzip] Entry: client/assets/img/database.png (compressed_size=29449 bytes, uncompressed_size=29988 bytes)
[debug] [2025-12-30T13:36:17.699Z] [unzip] Processing entry: client\assets\img\database.png
[debug] [2025-12-30T13:36:17.699Z] [unzip] else mkdir: C:\Users\Lenovo\.cache\firebase\emulators\ui-v1.15.0\client\assets\img
[debug] [2025-12-30T13:36:17.699Z] [unzip] deflating: C:\Users\Lenovo\.cache\firebase\emulators\ui-v1.15.0\client\assets\img\database.png
[debug] [2025-12-30T13:36:20.608Z] [unzip] Entry: client/assets/provider-icons/ (compressed_size=0 bytes, uncompressed_size=0 bytes)
[debug] [2025-12-30T13:36:20.608Z] [unzip] Processing entry: client\assets\provider-icons\
[debug] [2025-12-30T13:36:20.608Z] [unzip] mkdir: C:\Users\Lenovo\.cache\firebase\emulators\ui-v1.15.0\client\assets\provider-icons\
[debug] [2025-12-30T13:36:20.609Z] [unzip] Entry: client/assets/provider-icons/auth_service_saml.svg (compressed_size=575 bytes, uncompressed_size=1226 bytes)
[debug] [2025-12-30T13:36:20.609Z] [unzip] Processing entry: client\assets\provider-icons\auth_service_saml.svg
[debug] [2025-12-30T13:36:20.609Z] [unzip] else mkdir: C:\Users\Lenovo\.cache\firebase\emulators\ui-v1.15.0\client\assets\provider-icons
[debug] [2025-12-30T13:36:20.610Z] [unzip] deflating: C:\Users\Lenovo\.cache\firebase\emulators\ui-v1.15.0\client\assets\provider-icons\auth_service_saml.svg
[debug] [2025-12-30T13:36:20.612Z] [unzip] Entry: client/assets/provider-icons/auth_service_phone.svg (compressed_size=261 bytes, uncompressed_size=414 bytes)
[debug] [2025-12-30T13:36:20.612Z] [unzip] Processing entry: client\assets\provider-icons\auth_service_phone.svg
[debug] [2025-12-30T13:36:20.612Z] [unzip] else mkdir: C:\Users\Lenovo\.cache\firebase\emulators\ui-v1.15.0\client\assets\provider-icons
[debug] [2025-12-30T13:36:20.612Z] [unzip] deflating: C:\Users\Lenovo\.cache\firebase\emulators\ui-v1.15.0\client\assets\provider-icons\auth_service_phone.svg
[debug] [2025-12-30T13:36:20.613Z] [unzip] Entry: client/assets/provider-icons/auth_service_facebook.svg (compressed_size=289 bytes, uncompressed_size=457 bytes)
[debug] [2025-12-30T13:36:20.613Z] [unzip] Processing entry: client\assets\provider-icons\auth_service_facebook.svg
[debug] [2025-12-30T13:36:20.614Z] [unzip] else mkdir: C:\Users\Lenovo\.cache\firebase\emulators\ui-v1.15.0\client\assets\provider-icons
[debug] [2025-12-30T13:36:20.614Z] [unzip] deflating: C:\Users\Lenovo\.cache\firebase\emulators\ui-v1.15.0\client\assets\provider-icons\auth_service_facebook.svg
[debug] [2025-12-30T13:36:20.615Z] [unzip] Entry: client/assets/provider-icons/auth_service_game_center.svg (compressed_size=991 bytes, uncompressed_size=3921 bytes)
[debug] [2025-12-30T13:36:20.615Z] [unzip] Processing entry: client\assets\provider-icons\auth_service_game_center.svg
[debug] [2025-12-30T13:36:20.615Z] [unzip] else mkdir: C:\Users\Lenovo\.cache\firebase\emulators\ui-v1.15.0\client\assets\provider-icons
[debug] [2025-12-30T13:36:20.616Z] [unzip] deflating: C:\Users\Lenovo\.cache\firebase\emulators\ui-v1.15.0\client\assets\provider-icons\auth_service_game_center.svg
[debug] [2025-12-30T13:36:20.617Z] [unzip] Entry: client/assets/provider-icons/auth_service_apple.svg (compressed_size=230 bytes, uncompressed_size=334 bytes)
[debug] [2025-12-30T13:36:20.617Z] [unzip] Processing entry: client\assets\provider-icons\auth_service_apple.svg
[debug] [2025-12-30T13:36:20.617Z] [unzip] else mkdir: C:\Users\Lenovo\.cache\firebase\emulators\ui-v1.15.0\client\assets\provider-icons
[debug] [2025-12-30T13:36:20.617Z] [unzip] deflating: C:\Users\Lenovo\.cache\firebase\emulators\ui-v1.15.0\client\assets\provider-icons\auth_service_apple.svg
[debug] [2025-12-30T13:36:20.618Z] [unzip] Entry: client/assets/provider-icons/auth_service_github.svg (compressed_size=466 bytes, uncompressed_size=838 bytes)
[debug] [2025-12-30T13:36:20.618Z] [unzip] Processing entry: client\assets\provider-icons\auth_service_github.svg
[debug] [2025-12-30T13:36:20.618Z] [unzip] else mkdir: C:\Users\Lenovo\.cache\firebase\emulators\ui-v1.15.0\client\assets\provider-icons
[debug] [2025-12-30T13:36:20.618Z] [unzip] deflating: C:\Users\Lenovo\.cache\firebase\emulators\ui-v1.15.0\client\assets\provider-icons\auth_service_github.svg
[debug] [2025-12-30T13:36:20.619Z] [unzip] Entry: client/assets/provider-icons/auth_service_mslive.svg (compressed_size=203 bytes, uncompressed_size=378 bytes)
[debug] [2025-12-30T13:36:20.619Z] [unzip] Processing entry: client\assets\provider-icons\auth_service_mslive.svg
[debug] [2025-12-30T13:36:20.619Z] [unzip] else mkdir: C:\Users\Lenovo\.cache\firebase\emulators\ui-v1.15.0\client\assets\provider-icons
[debug] [2025-12-30T13:36:20.619Z] [unzip] deflating: C:\Users\Lenovo\.cache\firebase\emulators\ui-v1.15.0\client\assets\provider-icons\auth_service_mslive.svg
[debug] [2025-12-30T13:36:20.619Z] [unzip] Entry: client/assets/provider-icons/auth_service_yahoo.svg (compressed_size=577 bytes, uncompressed_size=1182 bytes)
[debug] [2025-12-30T13:36:20.619Z] [unzip] Processing entry: client\assets\provider-icons\auth_service_yahoo.svg
[debug] [2025-12-30T13:36:20.619Z] [unzip] else mkdir: C:\Users\Lenovo\.cache\firebase\emulators\ui-v1.15.0\client\assets\provider-icons
[debug] [2025-12-30T13:36:20.620Z] [unzip] deflating: C:\Users\Lenovo\.cache\firebase\emulators\ui-v1.15.0\client\assets\provider-icons\auth_service_yahoo.svg
[debug] [2025-12-30T13:36:20.620Z] [unzip] Entry: client/assets/provider-icons/auth_service_twitter.svg (compressed_size=444 bytes, uncompressed_size=751 bytes)
[debug] [2025-12-30T13:36:20.620Z] [unzip] Processing entry: client\assets\provider-icons\auth_service_twitter.svg
[debug] [2025-12-30T13:36:20.620Z] [unzip] else mkdir: C:\Users\Lenovo\.cache\firebase\emulators\ui-v1.15.0\client\assets\provider-icons
[debug] [2025-12-30T13:36:20.620Z] [unzip] deflating: C:\Users\Lenovo\.cache\firebase\emulators\ui-v1.15.0\client\assets\provider-icons\auth_service_twitter.svg
[debug] [2025-12-30T13:36:20.621Z] [unzip] Entry: client/assets/provider-icons/auth_service_play_games.svg (compressed_size=565 bytes, uncompressed_size=1173 bytes)
[debug] [2025-12-30T13:36:20.621Z] [unzip] Processing entry: client\assets\provider-icons\auth_service_play_games.svg
[debug] [2025-12-30T13:36:20.621Z] [unzip] else mkdir: C:\Users\Lenovo\.cache\firebase\emulators\ui-v1.15.0\client\assets\provider-icons
[debug] [2025-12-30T13:36:20.621Z] [unzip] deflating: C:\Users\Lenovo\.cache\firebase\emulators\ui-v1.15.0\client\assets\provider-icons\auth_service_play_games.svg
[debug] [2025-12-30T13:36:20.622Z] [unzip] Entry: client/assets/provider-icons/auth_service_email.svg (compressed_size=228 bytes, uncompressed_size=326 bytes)
[debug] [2025-12-30T13:36:20.623Z] [unzip] Processing entry: client\assets\provider-icons\auth_service_email.svg
[debug] [2025-12-30T13:36:20.623Z] [unzip] else mkdir: C:\Users\Lenovo\.cache\firebase\emulators\ui-v1.15.0\client\assets\provider-icons
[debug] [2025-12-30T13:36:20.623Z] [unzip] deflating: C:\Users\Lenovo\.cache\firebase\emulators\ui-v1.15.0\client\assets\provider-icons\auth_service_email.svg
[debug] [2025-12-30T13:36:20.624Z] [unzip] Entry: client/assets/provider-icons/auth_service_google.svg (compressed_size=409 bytes, uncompressed_size=720 bytes)
[debug] [2025-12-30T13:36:20.624Z] [unzip] Processing entry: client\assets\provider-icons\auth_service_google.svg
[debug] [2025-12-30T13:36:20.624Z] [unzip] else mkdir: C:\Users\Lenovo\.cache\firebase\emulators\ui-v1.15.0\client\assets\provider-icons
[debug] [2025-12-30T13:36:20.624Z] [unzip] deflating: C:\Users\Lenovo\.cache\firebase\emulators\ui-v1.15.0\client\assets\provider-icons\auth_service_google.svg
[debug] [2025-12-30T13:36:20.625Z] [unzip] Entry: client/assets/provider-icons/auth_service_oidc.svg (compressed_size=414 bytes, uncompressed_size=858 bytes)
[debug] [2025-12-30T13:36:20.625Z] [unzip] Processing entry: client\assets\provider-icons\auth_service_oidc.svg
[debug] [2025-12-30T13:36:20.625Z] [unzip] else mkdir: C:\Users\Lenovo\.cache\firebase\emulators\ui-v1.15.0\client\assets\provider-icons
[debug] [2025-12-30T13:36:20.625Z] [unzip] deflating: C:\Users\Lenovo\.cache\firebase\emulators\ui-v1.15.0\client\assets\provider-icons\auth_service_oidc.svg
[debug] [2025-12-30T13:36:20.626Z] [unzip] Entry: client/browserconfig.xml (compressed_size=491 bytes, uncompressed_size=822 bytes)
[debug] [2025-12-30T13:36:20.626Z] [unzip] Processing entry: client\browserconfig.xml
[debug] [2025-12-30T13:36:20.626Z] [unzip] else mkdir: C:\Users\Lenovo\.cache\firebase\emulators\ui-v1.15.0\client
[debug] [2025-12-30T13:36:20.626Z] [unzip] deflating: C:\Users\Lenovo\.cache\firebase\emulators\ui-v1.15.0\client\browserconfig.xml
[debug] [2025-12-30T13:36:20.627Z] [unzip] Entry: client/favicon-32x32.png (compressed_size=475 bytes, uncompressed_size=475 bytes)
[debug] [2025-12-30T13:36:20.628Z] [unzip] Processing entry: client\favicon-32x32.png
[debug] [2025-12-30T13:36:20.628Z] [unzip] else mkdir: C:\Users\Lenovo\.cache\firebase\emulators\ui-v1.15.0\client
[debug] [2025-12-30T13:36:20.628Z] [unzip] Writing file: C:\Users\Lenovo\.cache\firebase\emulators\ui-v1.15.0\client\favicon-32x32.png
[debug] [2025-12-30T13:36:20.631Z] [unzip] Entry: server/ (compressed_size=0 bytes, uncompressed_size=0 bytes)
[debug] [2025-12-30T13:36:20.631Z] [unzip] Processing entry: server\
[debug] [2025-12-30T13:36:20.631Z] [unzip] mkdir: C:\Users\Lenovo\.cache\firebase\emulators\ui-v1.15.0\server\
[debug] [2025-12-30T13:36:20.631Z] [unzip] Entry: server/server.mjs.map (compressed_size=217845 bytes, uncompressed_size=944978 bytes)
[debug] [2025-12-30T13:36:20.631Z] [unzip] Processing entry: server\server.mjs.map
[debug] [2025-12-30T13:36:20.632Z] [unzip] else mkdir: C:\Users\Lenovo\.cache\firebase\emulators\ui-v1.15.0\server
[debug] [2025-12-30T13:36:20.632Z] [unzip] deflating: C:\Users\Lenovo\.cache\firebase\emulators\ui-v1.15.0\server\server.mjs.map
[debug] [2025-12-30T13:36:20.640Z] [unzip] Entry: server/server.mjs (compressed_size=276407 bytes, uncompressed_size=933701 bytes)
[debug] [2025-12-30T13:36:20.641Z] [unzip] Processing entry: server\server.mjs
[debug] [2025-12-30T13:36:20.641Z] [unzip] else mkdir: C:\Users\Lenovo\.cache\firebase\emulators\ui-v1.15.0\server
[debug] [2025-12-30T13:36:20.641Z] [unzip] deflating: C:\Users\Lenovo\.cache\firebase\emulators\ui-v1.15.0\server\server.mjs
[debug] [2025-12-30T13:36:20.657Z] Could not find VSCode notification endpoint: FetchError: request to http://localhost:40001/vscode/notify failed, reason: . If you are not running the Firebase Data Connect VSCode extension, this is expected and not an issue.
[info] 
┌─────────────────────────────────────────────────────────────┐
│ ✔  All emulators ready! It is now safe to connect your app. │
│ i  View Emulator UI at http://127.0.0.1:4000/               │
└─────────────────────────────────────────────────────────────┘

┌───────────┬──────────────────────────────────┬─────────────────────┐
│ Emulator  │ Host:Port                        │ View in Emulator UI │
├───────────┼──────────────────────────────────┼─────────────────────┤
│ Functions │ Failed to initialize (see above) │                     │
└───────────┴──────────────────────────────────┴─────────────────────┘
  Emulator Hub host: 127.0.0.1 port: 4400
  Other reserved ports: 4500

Issues? Report them at https://github.com/firebase/firebase-tools/issues and attach the *-debug.log files.
 
[debug] [2025-12-30T13:39:56.392Z] Received signal SIGHUP 1
[info]  
[info] i  emulators: Received SIGHUP for the first time. Starting a clean shutdown. 
[info] i  emulators: Please wait for a clean shutdown or send the SIGHUP signal again to stop right now. 
[info] i  emulators: Shutting down emulators. {"metadata":{"emulator":{"name":"hub"},"message":"Shutting down emulators."}}
[info] i  ui: Stopping Emulator UI {"metadata":{"emulator":{"name":"ui"},"message":"Stopping Emulator UI"}}
[info] i  hub: Stopping emulator hub {"metadata":{"emulator":{"name":"hub"},"message":"Stopping emulator hub"}}
[debug] [2025-12-30T13:39:56.398Z] Emulator locator file path: C:\Users\Lenovo\AppData\Local\Temp\hub-demo-no-project.json
[info] i  logging: Stopping Logging Emulator {"metadata":{"emulator":{"name":"logging"},"message":"Stopping Logging Emulator"}}
[debug] [2025-12-30T13:39:56.402Z] Could not find VSCode notification endpoint: FetchError: request to http://localhost:40001/vscode/notify failed, reason: . If you are not running the Firebase Data Connect VSCode extension, this is expected and not an issue.
